AMQP	160	23514	3

	1	TCP 127.0.0.1:44205 <-> 127.0.1.1:5672 [proto: 192/AMQP][108 pkts/14423 bytes]
	2	TCP 127.0.1.1:5672 <-> 127.0.0.1:44204 [proto: 192/AMQP][22 pkts/5026 bytes]
	3	TCP 127.0.0.1:44206 <-> 127.0.1.1:5672 [proto: 192/AMQP][30 pkts/4065 bytes]
