BitTorrent	86	41489	1

	1	UDP 82.243.113.43:64969 <-> 192.168.1.5:40959 [proto: 37/BitTorrent][86 pkts/41489 bytes]
