SSL	26	3245	7
Facebook	22	10202	2
Google	62	15977	1
QUIC	3	502	1
ntop	80	36401	4

	1	TCP [2a00:d40:1:3:7aac:c0ff:fea7:d4c]:33062 <-> [2a00:1450:400b:c02::9a]:443 [proto: 91/SSL][2 pkts/172 bytes]
	2	TCP [2a00:d40:1:3:7aac:c0ff:fea7:d4c]:37486 <-> [2a03:b0c0:3:d0::70:1001]:443 [proto: 91.229/SSL.ntop][19 pkts/7014 bytes][client: www.ntop.org]
	3	TCP [2a00:d40:1:3:7aac:c0ff:fea7:d4c]:37488 <-> [2a03:b0c0:3:d0::70:1001]:443 [proto: 91.229/SSL.ntop][17 pkts/6842 bytes][client: www.ntop.org]
	4	TCP [2a00:d40:1:3:7aac:c0ff:fea7:d4c]:37494 <-> [2a03:b0c0:3:d0::70:1001]:443 [proto: 91.229/SSL.ntop][18 pkts/6928 bytes][client: www.ntop.org]
	5	TCP [2a00:d40:1:3:7aac:c0ff:fea7:d4c]:37506 <-> [2a03:b0c0:3:d0::70:1001]:443 [proto: 91.229/SSL.ntop][26 pkts/15617 bytes][client: www.ntop.org]
	6	TCP [2a00:d40:1:3:7aac:c0ff:fea7:d4c]:40526 <-> [2a00:1450:4006:804::200e]:443 [proto: 91/SSL][2 pkts/172 bytes]
	7	TCP [2a00:d40:1:3:7aac:c0ff:fea7:d4c]:41776 <-> [2a00:1450:4001:803::1017]:443 [proto: 91/SSL][14 pkts/2213 bytes]
	8	TCP [2a00:d40:1:3:7aac:c0ff:fea7:d4c]:53132 <-> [2a02:26f0:ad:197::236]:443 [proto: 91.119/SSL.Facebook][12 pkts/5187 bytes][client: s-static.ak.facebook.com]
	9	TCP [2a00:d40:1:3:7aac:c0ff:fea7:d4c]:53134 <-> [2a02:26f0:ad:197::236]:443 [proto: 91.119/SSL.Facebook][10 pkts/5015 bytes][client: s-static.ak.facebook.com]
	10	TCP [2a00:d40:1:3:7aac:c0ff:fea7:d4c]:58660 <-> [2a00:1450:4006:803::2008]:443 [proto: 91/SSL][2 pkts/172 bytes]
	11	TCP [2a00:d40:1:3:7aac:c0ff:fea7:d4c]:59690 <-> [2a00:1450:4001:803::1012]:443 [proto: 91/SSL][2 pkts/172 bytes]
	12	TCP [2a00:d40:1:3:7aac:c0ff:fea7:d4c]:60124 <-> [2a02:26f0:ad:1a1::eed]:443 [proto: 91/SSL][2 pkts/172 bytes]
	13	TCP [2a00:d40:1:3:7aac:c0ff:fea7:d4c]:40308 <-> [2a03:2880:1010:3f20:face:b00c::25de]:443 [proto: 91/SSL][2 pkts/172 bytes]
	14	UDP [2a00:d40:1:3:7aac:c0ff:fea7:d4c]:45931 <-> [2a00:1450:4001:803::1017]:443 [proto: 188.126/QUIC.Google][62 pkts/15977 bytes][Host: www.google.it]
	15	UDP [2a00:d40:1:3:7aac:c0ff:fea7:d4c]:55145 <-> [2a00:1450:400b:c02::5f]:443 [proto: 188/QUIC][3 pkts/502 bytes]
