ntop	19	10643	1

	1	TCP 192.168.80.160:55804 <-> 46.101.157.119:80 [proto: 7.229/HTTP.ntop][19 pkts/10643 bytes][Host: luca.ntop.org]
