Ookla	5086	4689745	2

	1	TCP 192.168.1.7:51207 <-> 46.44.253.187:80 [proto: 7.191/HTTP.Ookla][20 pkts/4320 bytes]
	2	TCP 192.168.1.7:51215 <-> 46.44.253.187:8080 [proto: 191/Ookla][5066 pkts/4685425 bytes]
