VNC	4551	329158	2

	1	TCP 95.237.48.208:51559 <-> 192.168.2.110:6900 [proto: 89/VNC][1008 pkts/72613 bytes]
	2	TCP 95.237.48.208:59791 <-> 192.168.2.110:6900 [proto: 89/VNC][3543 pkts/256545 bytes]
